// Jest Snapshot v1, https://goo.gl/fbAQLP

exports[`Index Page renders homepage unchanged 1`] = `
<div>
  <div>
    <h1>
      Hello Component
    </h1>
  </div>
</div>
`;
