// Jest Snapshot v1, https://goo.gl/fbAQLP

exports[`Testing snapshot example will check the matchers and pass 1`] = `
{
  "createdAt": Any<Date>,
  "id": Any<Number>,
  "name": "LeBron James",
}
`;
